Resolving dependencies...
Downloading packages...
  _flutterfire_internals 1.3.73 (1.3.76 available)
  archive 3.6.1 (4.0.9 available)
  dio 5.10.0 (5.11.0 available)
  dio_web_adapter 2.2.0 (2.2.1 available)
  file_selector_android 0.5.2+8 (0.5.2+9 available)
  firebase_core 4.11.0 (4.13.0 available)
  firebase_core_platform_interface 7.1.0 (8.1.0 available)
  firebase_core_web 3.9.0 (3.10.0 available)
  firebase_messaging 16.4.1 (16.5.0 available)
  firebase_messaging_platform_interface 4.9.0 (4.9.3 available)
  firebase_messaging_web 4.2.1 (4.2.4 available)
  functions_client 2.6.4 (2.7.1 available)
  google_fonts 8.1.0 (8.2.1 available)
  gotrue 2.26.0 (2.27.1 available)
  hooks 2.0.2 (2.1.0 available)
  image 4.3.0 (4.9.1 available)
  intl 0.19.0 (0.20.3 available)
  jni 1.0.0 (1.0.3 available)
  jni_flutter 1.0.1 (1.0.2 available)
  matcher 0.12.19 (0.12.20 available)
  material_color_utilities 0.13.0 (0.13.1 available)
  meta 1.18.0 (1.19.0 available)
  mgrs_dart 2.0.0 (3.0.0 available)
  objective_c 9.4.1 (9.5.0 available)
  package_config 2.2.0 (3.0.0 available)
  passkeys_platform_interface 2.8.0 (2.9.0 available)
  pdf 3.12.0 (3.13.0 available)
  postgrest 2.8.0 (2.9.1 available)
  proj4dart 2.1.0 (3.0.0 available)
  qr 3.0.2 (4.0.0 available)
  realtime_client 2.11.0 (2.13.0 available)
  record_use 0.6.0 (1.1.0 available)
  shared_preferences_android 2.4.26 (2.4.27 available)
  storage_client 2.6.0 (2.8.0 available)
  supabase 2.14.0 (2.16.0 available)
  supabase_flutter 2.16.0 (2.17.1 available)
  test_api 0.7.11 (0.7.13 available)
  unicode 0.3.1 (1.1.9 available)
  vector_math 2.2.0 (2.4.2 available)
  win32 6.3.0 (6.4.0 available)
  xml 6.6.1 (7.0.1 available)
Got dependencies!
41 packages have newer versions incompatible with dependency constraints.
Try `flutter pub outdated` for more information.
Analyzing skbs_app...                                           