Resolving dependencies...
Downloading packages...
  _flutterfire_internals 1.3.73 (1.3.76 available)
  archive 3.6.1 (4.0.9 available)
  dio 5.10.0 (5.11.0 available)
  dio_web_adapter 2.2.0 (2.2.1 available)
  file_selector_android 0.5.2+8 (0.5.2+9 available)
  firebase_core 4.11.0 (4.13.0 available)
  firebase_core_platform_interface 7.1.0 (8.1.0 available)
  firebase_core_web 3.9.0 (3.10.0 available)
  firebase_messaging 16.4.1 (16.5.0 available)
  firebase_messaging_platform_interface 4.9.0 (4.9.3 available)
  firebase_messaging_web 4.2.1 (4.2.4 available)
  functions_client 2.6.4 (2.7.1 available)
  google_fonts 8.1.0 (8.2.1 available)
  gotrue 2.26.0 (2.27.2 available)
  hooks 2.0.2 (2.1.0 available)
  image 4.3.0 (4.9.1 available)
  intl 0.19.0 (0.20.3 available)
  jni 1.0.0 (1.0.3 available)
  jni_flutter 1.0.1 (1.0.2 available)
  matcher 0.12.19 (0.12.20 available)
  material_color_utilities 0.13.0 (0.13.1 available)
  meta 1.18.0 (1.19.0 available)
  mgrs_dart 2.0.0 (3.0.0 available)
  objective_c 9.4.1 (9.5.0 available)
  package_config 2.2.0 (3.0.0 available)
  passkeys_platform_interface 2.8.0 (2.9.0 available)
  pdf 3.12.0 (3.13.0 available)
  postgrest 2.8.0 (2.9.1 available)
  proj4dart 2.1.0 (3.0.0 available)
  qr 3.0.2 (4.0.0 available)
  realtime_client 2.11.0 (2.13.0 available)
  record_use 0.6.0 (1.1.0 available)
  shared_preferences_android 2.4.26 (2.4.27 available)
  storage_client 2.6.0 (2.8.0 available)
  supabase 2.14.0 (2.16.1 available)
  supabase_flutter 2.16.0 (2.17.2 available)
  test_api 0.7.11 (0.7.13 available)
  unicode 0.3.1 (1.1.9 available)
  vector_math 2.2.0 (2.4.2 available)
  win32 6.3.0 (6.4.0 available)
  xml 6.6.1 (7.0.1 available)
Got dependencies!
41 packages have newer versions incompatible with dependency constraints.
Try `flutter pub outdated` for more information.
Compiling lib/main.dart for the Web...                          
Wasm dry run findings:
Found incompatibilities with WebAssembly.

package:universal_html/src/_sdk/html.dart 32:1 - dart:html unsupported (0)
package:universal_html/src/_sdk_html_additions.dart 16:1 - dart:html unsupported (0)
file:///home/runner/.pub-cache/hosted/pub.dev/image-4.3.0/lib/src/exif/ifd_directory.dart 174:26 - avoid_double_and_int_checks lint violation: Explicit check for double or int. (13)
file:///home/runner/.pub-cache/hosted/pub.dev/image-4.3.0/lib/src/exif/ifd_directory.dart 183:26 - avoid_double_and_int_checks lint violation: Explicit check for double or int. (13)

Consider addressing these issues to enable wasm builds. See docs for more info: https://docs.flutter.dev/platform-integration/web/wasm

Use --no-wasm-dry-run to disable these warnings.
Font asset "CupertinoIcons.ttf" was tree-shaken, reducing it from 257628 to 1472 bytes (99.4% reduction). Tree-shaking can be disabled by providing the --no-tree-shake-icons flag when building your app.
Font asset "MaterialIcons-Regular.otf" was tree-shaken, reducing it from 1645184 to 62208 bytes (96.2% reduction). Tree-shaking can be disabled by providing the --no-tree-shake-icons flag when building your app.
Compiling lib/main.dart for the Web...                             70.5s
✓ Built build/web
