Resolving dependencies...
Downloading packages...
  _flutterfire_internals 1.3.73 (1.3.77 available)
  archive 3.6.1 (4.2.0 available)
  clock 1.1.2 (1.1.3 available)
  code_assets 1.2.1 (2.0.0 available)
  cross_file 0.3.5+4 (0.3.5+5 available)
  dbus 0.7.14 (0.7.15 available)
  dio 5.10.0 (5.11.0 available)
  dio_web_adapter 2.2.0 (2.2.1 available)
  file_selector_android 0.5.2+8 (0.5.2+10 available)
  file_selector_ios 0.5.3+5 (0.5.3+6 available)
  file_selector_linux 0.9.4 (0.9.4+1 available)
  file_selector_macos 0.9.5 (0.9.5+1 available)
  file_selector_windows 0.9.3+5 (0.9.3+6 available)
  firebase_core 4.11.0 (4.14.0 available)
  firebase_core_platform_interface 7.1.0 (8.1.1 available)
  firebase_core_web 3.9.0 (3.11.0 available)
  firebase_messaging 16.4.1 (16.6.0 available)
  firebase_messaging_platform_interface 4.9.0 (4.10.0 available)
  firebase_messaging_web 4.2.1 (4.2.5 available)
  flutter_map 8.3.1 (8.3.2 available)
  functions_client 2.6.4 (2.7.1 available)
  geolocator_platform_interface 4.2.8 (4.3.0 available)
  google_fonts 8.1.0 (8.2.1 available)
  gotrue 2.26.0 (2.27.2 available)
  hooks 2.0.2 (2.2.0 available)
  html 0.15.6 (0.15.7 available)
  image 4.3.0 (4.9.2 available)
  intl 0.19.0 (0.20.3 available)
  jni 1.0.0 (1.0.3 available)
  jni_flutter 1.0.1 (1.0.2 available)
  matcher 0.12.19 (0.12.20 available)
  material_color_utilities 0.13.0 (0.13.1 available)
  meta 1.18.0 (1.19.0 available)
  mgrs_dart 2.0.0 (3.0.0 available)
  mime 2.0.0 (2.1.0 available)
  objective_c 9.4.1 (9.6.0 available)
  package_config 2.2.0 (3.0.0 available)
  passkeys_platform_interface 2.8.0 (2.9.0 available)
  pdf 3.12.0 (3.13.0 available)
  postgrest 2.8.0 (2.9.1 available)
  proj4dart 2.1.0 (3.0.0 available)
  pub_semver 2.2.0 (2.2.1 available)
  qr 3.0.2 (4.0.0 available)
  realtime_client 2.11.0 (2.13.0 available)
  record_use 0.6.0 (1.1.1 available)
  shared_preferences_android 2.4.26 (2.4.28 available)
  shared_preferences_foundation 2.5.6 (2.5.7 available)
  stack_trace 1.12.1 (1.12.2 available)
  storage_client 2.6.0 (2.8.0 available)
  supabase 2.14.0 (2.16.1 available)
  supabase_flutter 2.16.0 (2.17.2 available)
  test_api 0.7.11 (0.7.13 available)
  unicode 0.3.1 (1.1.9 available)
  url_launcher_android 6.3.32 (6.3.33 available)
  url_launcher_ios 6.4.1 (6.4.2 available)
  url_launcher_linux 3.2.2 (3.2.3 available)
  url_launcher_macos 3.2.5 (3.2.6 available)
  url_launcher_windows 3.1.5 (3.1.6 available)
  vector_math 2.2.0 (2.4.2 available)
  vm_service 15.2.0 (15.3.0 available)
  win32 6.3.0 (6.4.0 available)
  xml 6.6.1 (7.0.1 available)
  yaml 3.1.3 (3.1.4 available)
Got dependencies!
63 packages have newer versions incompatible with dependency constraints.
Try `flutter pub outdated` for more information.
Warning: Building for device with codesigning disabled. You will have to manually codesign before deploying to device.
Xcode is fetching Swift Package Manager dependencies. This may take several minutes...
  Fetching from https://github.com/firebase/firebase-ios-sdk...     
  Fetching from https://github.com/google/interop-ios-for-google-sdks.git...     
  Fetching from https://github.com/google/app-check.git...      
  Fetching from https://github.com/firebase/leveldb.git...      
  Fetching from https://github.com/google/grpc-binary.git...     
  Fetching from https://github.com/firebase/nanopb.git...       
  Fetching from https://github.com/google/abseil-cpp-binary.git...     
  Fetching from https://github.com/google/GoogleUtilities.git...     
  Fetching from https://github.com/google/gtm-session-fetcher.git...     
  Fetching from https://github.com/google/GoogleDataTransport.git...     
  Fetching from https://github.com/google/GoogleAppMeasurement.git...     
  Fetching from https://github.com/google/promises.git...       
  Fetching from https://github.com/googleads/google-ads-on-device-conversion-ios-sdk...     
Building ru.appstroy.mobile for device (ios-release)...
Running Xcode build...                                          
Xcode build done.                                           108.5s
✓ Built build/ios/iphoneos/Runner.app (29.4MB)
